E:\0-elevator\elevator\Logical\Global.typ
E:\0-elevator\elevator\Logical\Global.var
E:\0-elevator\elevator\Logical\Libraries\Runtime\runtime.var
E:\0-elevator\elevator\Logical\Libraries\Runtime\runtime.typ
E:\0-elevator\elevator\Logical\Libraries\Runtime\runtime.fun
E:\0-elevator\elevator\Logical\Libraries\Operator\operator.fun
E:\0-elevator\elevator\Logical\Libraries\AsIecCon\AsIecCon.fun
E:\0-elevator\elevator\Logical\Libraries\astime\astime.var
E:\0-elevator\elevator\Logical\Libraries\astime\astime.typ
E:\0-elevator\elevator\Logical\Libraries\astime\astime.fun
E:\0-elevator\elevator\Logical\Libraries\standard\standard.fun
E:\0-elevator\elevator\Logical\Libraries\standard\standard.typ
E:\0-elevator\elevator\Logical\Libraries\standard\standard.var
E:\0-elevator\elevator\Logical\Libraries\sys_lib\sys_lib.fun
E:\0-elevator\elevator\Logical\Libraries\sys_lib\sys_lib.typ
E:\0-elevator\elevator\Logical\Libraries\sys_lib\sys_lib.var
E:\0-elevator\elevator\Logical\Libraries\brsystem\brsystem.fun
E:\0-elevator\elevator\Logical\Libraries\brsystem\brsystem.typ
E:\0-elevator\elevator\Logical\Libraries\brsystem\brsystem.var
