C:\Users\Rick\Desktop\gittest\ElevatorProject\elevator\Logical\Global.typ
C:\Users\Rick\Desktop\gittest\ElevatorProject\elevator\Logical\Global.var
C:\Users\Rick\Desktop\gittest\ElevatorProject\elevator\Logical\Libraries\Runtime\runtime.var
C:\Users\Rick\Desktop\gittest\ElevatorProject\elevator\Logical\Libraries\Runtime\runtime.typ
C:\Users\Rick\Desktop\gittest\ElevatorProject\elevator\Logical\Libraries\Runtime\runtime.fun
C:\Users\Rick\Desktop\gittest\ElevatorProject\elevator\Logical\Libraries\Operator\operator.fun
C:\Users\Rick\Desktop\gittest\ElevatorProject\elevator\Logical\Libraries\AsIecCon\AsIecCon.fun
C:\Users\Rick\Desktop\gittest\ElevatorProject\elevator\Logical\Libraries\astime\astime.var
C:\Users\Rick\Desktop\gittest\ElevatorProject\elevator\Logical\Libraries\astime\astime.typ
C:\Users\Rick\Desktop\gittest\ElevatorProject\elevator\Logical\Libraries\astime\astime.fun
C:\Users\Rick\Desktop\gittest\ElevatorProject\elevator\Logical\Libraries\standard\standard.fun
C:\Users\Rick\Desktop\gittest\ElevatorProject\elevator\Logical\Libraries\standard\standard.typ
C:\Users\Rick\Desktop\gittest\ElevatorProject\elevator\Logical\Libraries\standard\standard.var
C:\Users\Rick\Desktop\gittest\ElevatorProject\elevator\Logical\Libraries\sys_lib\sys_lib.fun
C:\Users\Rick\Desktop\gittest\ElevatorProject\elevator\Logical\Libraries\sys_lib\sys_lib.typ
C:\Users\Rick\Desktop\gittest\ElevatorProject\elevator\Logical\Libraries\sys_lib\sys_lib.var
C:\Users\Rick\Desktop\gittest\ElevatorProject\elevator\Logical\Libraries\brsystem\brsystem.fun
C:\Users\Rick\Desktop\gittest\ElevatorProject\elevator\Logical\Libraries\brsystem\brsystem.typ
C:\Users\Rick\Desktop\gittest\ElevatorProject\elevator\Logical\Libraries\brsystem\brsystem.var
